[debug] [2026-05-13T09:59:12.357Z] ----------------------------------------------------------------------
[debug] [2026-05-13T09:59:12.371Z] Command:       C:\Program Files\nodejs\node.exe C:\Users\Fazy Flower Florita\AppData\Roaming\npm\node_modules\firebase-tools\lib\bin\firebase.js init
[debug] [2026-05-13T09:59:12.373Z] CLI Version:   15.17.0
[debug] [2026-05-13T09:59:12.374Z] Platform:      win32
[debug] [2026-05-13T09:59:12.374Z] Node Version:  v24.14.0
[debug] [2026-05-13T09:59:12.375Z] Time:          Wed May 13 2026 15:29:12 GMT+0530 (India Standard Time)
[debug] [2026-05-13T09:59:12.376Z] ----------------------------------------------------------------------
[debug] 
[debug] [2026-05-13T09:59:12.388Z] >>> [apiv2][query] GET https://firebase-public.firebaseio.com/cli.json [none]
[info] 
     ######## #### ########  ######## ########     ###     ######  ########
     ##        ##  ##     ## ##       ##     ##  ##   ##  ##       ##
     ######    ##  ########  ######   ########  #########  ######  ######
     ##        ##  ##    ##  ##       ##     ## ##     ##       ## ##
     ##       #### ##     ## ######## ########  ##     ##  ######  ########

You're about to initialize a Firebase project in this directory:

  C:\Users\Fazy Flower Florita

Before we get started, keep in mind:

  * You are initializing within an existing Firebase project directory

[debug] [2026-05-13T09:59:26.281Z] <<< [apiv2][status] GET https://firebase-public.firebaseio.com/cli.json 200
[debug] [2026-05-13T09:59:26.282Z] <<< [apiv2][body] GET https://firebase-public.firebaseio.com/cli.json {"cloudBuildErrorAfter":1594252800000,"cloudBuildWarnAfter":1590019200000,"defaultNode10After":1594252800000,"minVersion":"3.0.5","node8DeploysDisabledAfter":1613390400000,"node8RuntimeDisabledAfter":1615809600000,"node8WarnAfter":1600128000000}
[info] 
=== Project Setup
[info] 
[info] First, let's associate this project directory with a Firebase project.
[info] You can create multiple project aliases by running firebase use --add, 
[info] 
[debug] [2026-05-13T09:59:58.056Z] > command requires scopes: ["email","openid","https://www.googleapis.com/auth/cloudplatformprojects.readonly","https://www.googleapis.com/auth/firebase","https://www.googleapis.com/auth/cloud-platform"]
[debug] [2026-05-13T09:59:58.057Z] > authorizing via signed-in user (fazyflowerflorita@gmail.com)
[debug] [2026-05-13T09:59:58.061Z] Checked if tokens are valid: false, expires at: 1778228046871
[debug] [2026-05-13T09:59:58.062Z] Checked if tokens are valid: false, expires at: 1778228046871
[debug] [2026-05-13T09:59:58.064Z] > refreshing access token with scopes: []
[debug] [2026-05-13T09:59:58.069Z] >>> [apiv2][query] POST https://www.googleapis.com/oauth2/v3/token [none]
[debug] [2026-05-13T09:59:58.069Z] >>> [apiv2][body] POST https://www.googleapis.com/oauth2/v3/token [omitted]
[debug] [2026-05-13T09:59:58.218Z] <<< [apiv2][status] POST https://www.googleapis.com/oauth2/v3/token 200
[debug] [2026-05-13T09:59:58.218Z] <<< [apiv2][body] POST https://www.googleapis.com/oauth2/v3/token [omitted]
[debug] [2026-05-13T09:59:58.244Z] >>> [apiv2][query] GET https://firebase.googleapis.com/v1beta1/projects/hrops-scorecard---rta [none]
[debug] [2026-05-13T09:59:58.691Z] <<< [apiv2][status] GET https://firebase.googleapis.com/v1beta1/projects/hrops-scorecard---rta 200
[debug] [2026-05-13T09:59:58.692Z] <<< [apiv2][body] GET https://firebase.googleapis.com/v1beta1/projects/hrops-scorecard---rta {"projectId":"hrops-scorecard---rta","projectNumber":"127519107306","displayName":"HROps Scorecard - RTA","name":"projects/hrops-scorecard---rta","resources":{"hostingSite":"hrops-scorecard---rta"},"state":"ACTIVE","etag":"1_9fbc012f-53e9-4d8b-b924-3e38366b9cbd"}
[info] i  Using project hrops-scorecard---rta (HROps Scorecard - RTA) . 
[info] 
=== Hosting Setup
[debug] [2026-05-13T10:01:14.648Z] Checked if tokens are valid: true, expires at: 1778669997219
[debug] [2026-05-13T10:01:14.649Z] Checked if tokens are valid: true, expires at: 1778669997219
[debug] [2026-05-13T10:01:14.649Z] >>> [apiv2][query] GET https://firebase.googleapis.com/v1beta1/projects/hrops-scorecard---rta [none]
[debug] [2026-05-13T10:01:15.107Z] <<< [apiv2][status] GET https://firebase.googleapis.com/v1beta1/projects/hrops-scorecard---rta 200
[debug] [2026-05-13T10:01:15.108Z] <<< [apiv2][body] GET https://firebase.googleapis.com/v1beta1/projects/hrops-scorecard---rta {"projectId":"hrops-scorecard---rta","projectNumber":"127519107306","displayName":"HROps Scorecard - RTA","name":"projects/hrops-scorecard---rta","resources":{"hostingSite":"hrops-scorecard---rta"},"state":"ACTIVE","etag":"1_9fbc012f-53e9-4d8b-b924-3e38366b9cbd"}
[info] 
[info] Your public directory is the folder (relative to your project directory) that
[info] will contain Hosting assets to be uploaded with firebase deploy. If you
[info] have a build process for your assets, use your build's output directory.
[info] 
[info] 
[info] i  Didn't detect a .git folder. Assuming C:\Users\Fazy Flower Florita\OneDrive\Documents\HR-RTA is the project root. 
[info] i  Authorizing with GitHub to upload your service account to a GitHub repository's secrets store. 
[info] 
[info] Visit this URL on this device to log in:
[info] https://github.com/login/oauth/authorize?client_id=89cf50f02ac6aaed3484&state=161194111&redirect_uri=http%3A%2F%2Flocalhost%3A9005&scope=read%3Auser%20repo%20public_repo
[info] 
[info] Waiting for authentication...
[debug] [2026-05-13T10:02:27.900Z] >>> [apiv2][query] POST https://github.com/login/oauth/access_token [none]
[debug] [2026-05-13T10:02:27.901Z] >>> [apiv2][body] POST https://github.com/login/oauth/access_token [stream]
[debug] [2026-05-13T10:02:28.353Z] <<< [apiv2][status] POST https://github.com/login/oauth/access_token 200
[debug] [2026-05-13T10:02:28.353Z] <<< [apiv2][body] POST https://github.com/login/oauth/access_token {"access_token":"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","token_type":"bearer","scope":"read:user,repo"}
[debug] [2026-05-13T10:02:28.366Z] >>> [apiv2][query] GET https://api.github.com/user [none]
[debug] [2026-05-13T10:02:28.864Z] <<< [apiv2][status] GET https://api.github.com/user 200
[debug] [2026-05-13T10:02:28.864Z] <<< [apiv2][body] GET https://api.github.com/user {"login":"fazyflowerflorita","id":124234836,"node_id":"U_kgDOB2esVA","avatar_url":"https://avatars.githubusercontent.com/u/124234836?v=4","gravatar_id":"","url":"https://api.github.com/users/fazyflowerflorita","html_url":"https://github.com/fazyflowerflorita","followers_url":"https://api.github.com/users/fazyflowerflorita/followers","following_url":"https://api.github.com/users/fazyflowerflorita/following{/other_user}","gists_url":"https://api.github.com/users/fazyflowerflorita/gists{/gist_id}","starred_url":"https://api.github.com/users/fazyflowerflorita/starred{/owner}{/repo}","subscriptions_url":"https://api.github.com/users/fazyflowerflorita/subscriptions","organizations_url":"https://api.github.com/users/fazyflowerflorita/orgs","repos_url":"https://api.github.com/users/fazyflowerflorita/repos","events_url":"https://api.github.com/users/fazyflowerflorita/events{/privacy}","received_events_url":"https://api.github.com/users/fazyflowerflorita/received_events","type":"User","user_view_type":"private","site_admin":false,"name":null,"company":null,"blog":"","location":null,"email":null,"hireable":null,"bio":null,"twitter_username":null,"notification_email":null,"public_repos":1,"public_gists":0,"followers":0,"following":0,"created_at":"2023-02-02T05:39:33Z","updated_at":"2026-05-08T07:19:17Z","private_gists":0,"total_private_repos":0,"owned_private_repos":0,"disk_usage":17,"collaborators":0,"two_factor_authentication":true,"plan":{"name":"free","space":976562499,"collaborators":0,"private_repos":10000}}
[info] 
[info] +  Success! Logged into GitHub as fazyflowerflorita 
[info] 
[debug] [2026-05-13T10:08:07.086Z] >>> [apiv2][query] GET https://api.github.com/repos/repository/actions/secrets/public-key type=owner
[debug] [2026-05-13T10:08:07.420Z] <<< [apiv2][status] GET https://api.github.com/repos/repository/actions/secrets/public-key 404
[debug] [2026-05-13T10:08:07.420Z] <<< [apiv2][body] GET https://api.github.com/repos/repository/actions/secrets/public-key {"message":"Not Found","documentation_url":"https://docs.github.com/rest","status":"404"}
[info] 
[info] 
[error] !  The provided authorization cannot be used with this repository. If this repository is in an organization, did you remember to grant access? 
[info] 
[info] i  Action required: Visit this URL to ensure access has been granted to the appropriate organization(s) for the Firebase CLI GitHub OAuth App: 
[info] https://github.com/settings/connections/applications/89cf50f02ac6aaed3484
[info] 
